exports[`Should Title match to snapshot 1`] = `
<h1>
  TÃ­tulo
</h1>
`;
